../Core/Src/main.c:90:10:ADC_ReadChannel	40	static
../Core/Src/main.c:118:5:LDRconversion	40	static
../Core/Src/main.c:126:6:Light_intensity_readData	16	static
../Core/Src/main.c:137:8:SoilMoisturePercentage	24	static
../Core/Src/main.c:144:6:Soil_moisture_readData	16	static
../Core/Src/main.c:156:6:Temp_Humid_readData	8	static
../Core/Src/main.c:165:6:HAL_UART_RxCpltCallback	72	static
../Core/Src/main.c:184:6:Toggle_LED	8	static
../Core/Src/main.c:207:6:Print_console	152	static
../Core/Src/main.c:258:5:main	8	static
../Core/Src/main.c:319:6:SystemClock_Config	88	static
../Core/Src/main.c:366:13:MX_ADC1_Init	24	static
../Core/Src/main.c:418:13:MX_TIM3_Init	64	static
../Core/Src/main.c:477:13:MX_USART1_UART_Init	8	static
../Core/Src/main.c:510:13:MX_USART2_UART_Init	8	static
../Core/Src/main.c:543:13:MX_GPIO_Init	48	static
../Core/Src/main.c:599:6:Error_Handler	4	static,ignoring_inline_asm
